[debug] [2026-09-10T12:01:19.997Z] ----------------------------------------------------------------------
[debug] [2026-09-10T12:01:20.000Z] Command:       /home/abadalyan/.nvm/versions/node/v22.22.0/bin/node /home/abadalyan/.nvm/versions/node/v22.22.0/bin/firebase deploy --only hosting
[debug] [2026-09-10T12:01:20.000Z] CLI Version:   15.29.0
[debug] [2026-09-10T12:01:20.001Z] Platform:      linux
[debug] [2026-09-10T12:01:20.001Z] Node Version:  v22.22.0
[debug] [2026-09-10T12:01:20.001Z] Detected Agent: unknown
[debug] [2026-09-10T12:01:20.001Z] Time:          Thu Sep 10 2026 16:01:20 GMT+0400 (Armenia Standard Time)
[debug] [2026-09-10T12:01:20.001Z] ----------------------------------------------------------------------
[debug] 
[debug] [2026-09-10T12:01:20.916Z] > command requires scopes: ["email","openid","https://www.googleapis.com/auth/cloudplatformprojects.readonly","https://www.googleapis.com/auth/firebase","https://www.googleapis.com/auth/cloud-platform"]
[debug] [2026-09-10T12:01:20.916Z] > authorizing via signed-in user (avetbadalyan@gmail.com)
[debug] [2026-09-10T12:01:20.917Z] [iam] checking project avets-portfolio for permissions ["firebase.projects.get","firebasehosting.sites.update"]
[debug] [2026-09-10T12:01:20.928Z] Checked if tokens are valid: true, expires at: 1789044170983
[debug] [2026-09-10T12:01:20.928Z] Checked if tokens are valid: true, expires at: 1789044170983
[debug] [2026-09-10T12:01:20.930Z] >>> [apiv2][query] POST https://cloudresourcemanager.googleapis.com/v1/projects/avets-portfolio:testIamPermissions [none]
[debug] [2026-09-10T12:01:20.930Z] >>> [apiv2][(partial)header] POST https://cloudresourcemanager.googleapis.com/v1/projects/avets-portfolio:testIamPermissions  x-goog-user-project=avets-portfolio
[debug] [2026-09-10T12:01:20.930Z] >>> [apiv2][body] POST https://cloudresourcemanager.googleapis.com/v1/projects/avets-portfolio:testIamPermissions {"permissions":["firebase.projects.get","firebasehosting.sites.update"]}
[debug] [2026-09-10T12:01:22.203Z] <<< [apiv2][status] POST https://cloudresourcemanager.googleapis.com/v1/projects/avets-portfolio:testIamPermissions 200
[debug] [2026-09-10T12:01:22.203Z] <<< [apiv2][body] POST https://cloudresourcemanager.googleapis.com/v1/projects/avets-portfolio:testIamPermissions {"permissions":["firebase.projects.get","firebasehosting.sites.update"]}
[debug] [2026-09-10T12:01:22.204Z] Checked if tokens are valid: true, expires at: 1789044170983
[debug] [2026-09-10T12:01:22.204Z] Checked if tokens are valid: true, expires at: 1789044170983
[debug] [2026-09-10T12:01:22.204Z] >>> [apiv2][query] GET https://firebase.googleapis.com/v1beta1/projects/avets-portfolio [none]
[debug] [2026-09-10T12:01:22.226Z] *** [apiv2] error from fetch(https://firebase.googleapis.com/v1beta1/projects/avets-portfolio, {"headers":{},"method":"GET","signal":{}}): Error: read ECONNRESET
[debug] [2026-09-10T12:01:22.226Z] *** [apiv2] retrying https://firebase.googleapis.com/v1beta1/projects/avets-portfolio without keep-alive after a premature close error
[debug] [2026-09-10T12:01:23.228Z] *** [apiv2] Attempting the request again. Attempt number 2
[debug] [2026-09-10T12:01:23.228Z] >>> [apiv2][query] GET https://firebase.googleapis.com/v1beta1/projects/avets-portfolio [none]
